WRN 2026-04-30T01:09:13.280 c/nvim.38787.0 server_start:197: Failed to start server: operation not permitted: /var/folders/3z/z3077m5d0c1334ky3ncsfpf00000gn/T/nvim.pitems/aBCn7L/nvim.39443.0
WRN 2026-05-03T15:33:26.418 c/nvim.1349.0 server_start:197: Failed to start server: operation not permitted: /var/folders/3z/z3077m5d0c1334ky3ncsfpf00000gn/T/nvim.pitems/LZwr30/nvim.2311.0
WRN 2026-05-03T15:33:31.017 c/nvim.1349.0 server_start:197: Failed to start server: operation not permitted: /var/folders/3z/z3077m5d0c1334ky3ncsfpf00000gn/T/nvim.pitems/Gh4cA2/nvim.2363.0
WRN 2026-05-03T15:34:39.838 c/nvim.1349.0 server_start:197: Failed to start server: operation not permitted: /var/folders/3z/z3077m5d0c1334ky3ncsfpf00000gn/T/nvim.pitems/nwJijp/nvim.2600.0
WRN 2026-05-03T15:34:44.393 c/nvim.1349.0 server_start:197: Failed to start server: operation not permitted: /var/folders/3z/z3077m5d0c1334ky3ncsfpf00000gn/T/nvim.pitems/usYjAh/nvim.2674.0
WRN 2026-05-03T15:34:48.033 c/nvim.1349.0 server_start:197: Failed to start server: operation not permitted: /var/folders/3z/z3077m5d0c1334ky3ncsfpf00000gn/T/nvim.pitems/K2tJ3b/nvim.2736.0
WRN 2026-05-03T15:43:25.125 c/nvim.1349.0 server_start:197: Failed to start server: operation not permitted: /var/folders/3z/z3077m5d0c1334ky3ncsfpf00000gn/T/nvim.pitems/yXbuVZ/nvim.12445.0
WRN 2026-05-08T23:02:26.173 ?.30344    server_start:197: Failed to start server: operation not permitted: /var/folders/3z/z3077m5d0c1334ky3ncsfpf00000gn/T/nvim.pitems/N7mA67/nvim.30344.0
WRN 2026-05-08T23:03:01.348 ?.30468    server_start:197: Failed to start server: operation not permitted: /var/folders/3z/z3077m5d0c1334ky3ncsfpf00000gn/T/nvim.pitems/EVpWdd/nvim.30468.0
WRN 2026-05-08T23:03:19.906 ?.30595    server_start:197: Failed to start server: operation not permitted: /var/folders/3z/z3077m5d0c1334ky3ncsfpf00000gn/T/nvim.pitems/Lngas1/nvim.30595.0
WRN 2026-05-08T23:11:14.750 ?.32598    server_start:197: Failed to start server: operation not permitted: /var/folders/3z/z3077m5d0c1334ky3ncsfpf00000gn/T/nvim.pitems/6eudIK/nvim.32598.0
WRN 2026-05-08T23:11:14.796 ?.32599    server_start:197: Failed to start server: operation not permitted: /var/folders/3z/z3077m5d0c1334ky3ncsfpf00000gn/T/nvim.pitems/BW76fw/nvim.32599.0
WRN 2026-05-08T23:15:44.198 ?.32932    server_start:197: Failed to start server: operation not permitted: /var/folders/3z/z3077m5d0c1334ky3ncsfpf00000gn/T/nvim.pitems/EdEsTU/nvim.32932.0
WRN 2026-05-08T23:20:02.070 ?.36471    server_start:197: Failed to start server: operation not permitted: /var/folders/3z/z3077m5d0c1334ky3ncsfpf00000gn/T/nvim.pitems/NNZzVR/nvim.36471.0
WRN 2026-05-08T23:20:02.163 ?.36472    server_start:197: Failed to start server: operation not permitted: /var/folders/3z/z3077m5d0c1334ky3ncsfpf00000gn/T/nvim.pitems/zvxg0u/nvim.36472.0
WRN 2026-05-08T23:20:06.608 ?.36501    server_start:197: Failed to start server: operation not permitted: /var/folders/3z/z3077m5d0c1334ky3ncsfpf00000gn/T/nvim.pitems/svrFED/nvim.36501.0
WRN 2026-05-08T23:20:06.608 ?.36502    server_start:197: Failed to start server: operation not permitted: /var/folders/3z/z3077m5d0c1334ky3ncsfpf00000gn/T/nvim.pitems/yoLNdH/nvim.36502.0
WRN 2026-05-08T23:33:43.351 ?.37229    server_start:197: Failed to start server: operation not permitted: /var/folders/3z/z3077m5d0c1334ky3ncsfpf00000gn/T/nvim.pitems/6crhL2/nvim.37229.0
WRN 2026-05-08T23:35:59.110 ?.37507    server_start:197: Failed to start server: operation not permitted: /var/folders/3z/z3077m5d0c1334ky3ncsfpf00000gn/T/nvim.pitems/Q2sFPN/nvim.37507.0
WRN 2026-05-10T10:57:20.642 ?.85827    server_start:197: Failed to start server: operation not permitted: /var/folders/3z/z3077m5d0c1334ky3ncsfpf00000gn/T/nvim.pitems/TC70q6/nvim.85827.0
WRN 2026-05-10T10:57:23.915 ?.85830    server_start:197: Failed to start server: operation not permitted: /var/folders/3z/z3077m5d0c1334ky3ncsfpf00000gn/T/nvim.pitems/ByaBIx/nvim.85830.0
WRN 2026-05-10T11:03:44.862 ?.86895    server_start:197: Failed to start server: operation not permitted: /var/folders/3z/z3077m5d0c1334ky3ncsfpf00000gn/T/nvim.pitems/o1Tdho/nvim.86895.0
WRN 2026-05-10T11:03:54.065 ?.86902    server_start:197: Failed to start server: operation not permitted: /var/folders/3z/z3077m5d0c1334ky3ncsfpf00000gn/T/nvim.pitems/IX6PXb/nvim.86902.0
WRN 2026-05-10T11:03:58.359 ?.86907    server_start:197: Failed to start server: operation not permitted: /var/folders/3z/z3077m5d0c1334ky3ncsfpf00000gn/T/nvim.pitems/B51iLH/nvim.86907.0
WRN 2026-05-10T11:04:07.336 ?.86910    server_start:197: Failed to start server: operation not permitted: /var/folders/3z/z3077m5d0c1334ky3ncsfpf00000gn/T/nvim.pitems/16K725/nvim.86910.0
WRN 2026-05-10T11:04:34.471 ?.86948    server_start:197: Failed to start server: operation not permitted: /var/folders/3z/z3077m5d0c1334ky3ncsfpf00000gn/T/nvim.pitems/0ClLVp/nvim.86948.0
WRN 2026-05-10T11:04:40.651 ?.86955    server_start:197: Failed to start server: operation not permitted: /var/folders/3z/z3077m5d0c1334ky3ncsfpf00000gn/T/nvim.pitems/BJ3JFO/nvim.86955.0
WRN 2026-05-10T11:10:36.860 ?.87510    server_start:197: Failed to start server: operation not permitted: /var/folders/3z/z3077m5d0c1334ky3ncsfpf00000gn/T/nvim.pitems/LJvDjK/nvim.87510.0
WRN 2026-05-10T11:10:36.860 ?.87511    server_start:197: Failed to start server: operation not permitted: /var/folders/3z/z3077m5d0c1334ky3ncsfpf00000gn/T/nvim.pitems/qhdZ8v/nvim.87511.0
WRN 2026-05-10T11:13:26.140 ?.87647    server_start:197: Failed to start server: operation not permitted: /var/folders/3z/z3077m5d0c1334ky3ncsfpf00000gn/T/nvim.pitems/rcWwEH/nvim.87647.0
